
===========================================================================
 report_power
============================================================================


======================= Slowest Corner =================================

Group                  Internal  Switching    Leakage      Total
                          Power      Power      Power      Power
----------------------------------------------------------------
Sequential             5.65e-05   1.56e-05   1.29e-06   7.34e-05  49.2%
Combinational          4.12e-05   3.03e-05   4.12e-06   7.56e-05  50.8%
Macro                  0.00e+00   0.00e+00   0.00e+00   0.00e+00   0.0%
Pad                    0.00e+00   0.00e+00   0.00e+00   0.00e+00   0.0%
----------------------------------------------------------------
Total                  9.76e-05   4.59e-05   5.42e-06   1.49e-04 100.0%
                          65.5%      30.8%       3.6%

======================= Typical Corner ===================================

Group                  Internal  Switching    Leakage      Total
                          Power      Power      Power      Power
----------------------------------------------------------------
Sequential             7.18e-05   2.01e-05   7.63e-10   9.19e-05  50.6%
Combinational          5.03e-05   3.93e-05   1.15e-08   8.96e-05  49.4%
Macro                  0.00e+00   0.00e+00   0.00e+00   0.00e+00   0.0%
Pad                    0.00e+00   0.00e+00   0.00e+00   0.00e+00   0.0%
----------------------------------------------------------------
Total                  1.22e-04   5.94e-05   1.23e-08   1.81e-04 100.0%
                          67.3%      32.7%       0.0%


======================= Fastest Corner =================================

Group                  Internal  Switching    Leakage      Total
                          Power      Power      Power      Power
----------------------------------------------------------------
Sequential             8.32e-05   2.40e-05   1.46e-09   1.07e-04  50.9%
Combinational          5.63e-05   4.70e-05   1.33e-08   1.03e-04  49.1%
Macro                  0.00e+00   0.00e+00   0.00e+00   0.00e+00   0.0%
Pad                    0.00e+00   0.00e+00   0.00e+00   0.00e+00   0.0%
----------------------------------------------------------------
Total                  1.39e-04   7.09e-05   1.47e-08   2.10e-04 100.0%
                          66.3%      33.7%       0.0%
