
===========================================================================
report_checks -path_delay min (Hold)
============================================================================
Startpoint: _04_ (rising edge-triggered flip-flop clocked by clk)
Endpoint: _04_ (rising edge-triggered flip-flop clocked by clk)
Path Group: clk
Path Type: min

Fanout     Cap    Slew   Delay    Time   Description
-----------------------------------------------------------------------------
                  0.15    0.00    0.00   clock clk (rise edge)
                          0.00    0.00   clock network delay (ideal)
                  0.15    0.00    0.00 ^ _04_/CLK (sky130_fd_sc_hd__dfxtp_1)
                  0.07    0.34    0.34 ^ _04_/Q (sky130_fd_sc_hd__dfxtp_1)
     2    0.01                           clok_divider.clk_div (net)
                  0.07    0.00    0.34 ^ _02_/A (sky130_fd_sc_hd__nor2_1)
                  0.03    0.04    0.38 v _02_/Y (sky130_fd_sc_hd__nor2_1)
     1    0.00                           _00_ (net)
                  0.03    0.00    0.38 v _04_/D (sky130_fd_sc_hd__dfxtp_1)
                                  0.38   data arrival time

                  0.15    0.00    0.00   clock clk (rise edge)
                          0.00    0.00   clock network delay (ideal)
                          0.25    0.25   clock uncertainty
                          0.00    0.25   clock reconvergence pessimism
                                  0.25 ^ _04_/CLK (sky130_fd_sc_hd__dfxtp_1)
                         -0.02    0.23   library hold time
                                  0.23   data required time
-----------------------------------------------------------------------------
                                  0.23   data required time
                                 -0.38   data arrival time
-----------------------------------------------------------------------------
                                  0.16   slack (MET)


Startpoint: _05_ (rising edge-triggered flip-flop)
Endpoint: seven_segment_digit (output port clocked by clk)
Path Group: clk
Path Type: min

Fanout     Cap    Slew   Delay    Time   Description
-----------------------------------------------------------------------------
                  0.07    0.00    0.00 ^ _05_/CLK (sky130_fd_sc_hd__dfxtp_1)
                  0.10    0.34    0.34 v _05_/Q (sky130_fd_sc_hd__dfxtp_1)
     2    0.02                           net2 (net)
                  0.10    0.00    0.34 v output2/A (sky130_fd_sc_hd__buf_2)
                  0.09    0.19    0.54 v output2/X (sky130_fd_sc_hd__buf_2)
     1    0.03                           seven_segment_digit (net)
                  0.09    0.00    0.54 v seven_segment_digit (out)
                                  0.54   data arrival time

                  0.15    0.00    0.00   clock clk (rise edge)
                          0.00    0.00   clock network delay (ideal)
                          0.25    0.25   clock uncertainty
                          0.00    0.25   clock reconvergence pessimism
                         -2.00   -1.75   output external delay
                                 -1.75   data required time
-----------------------------------------------------------------------------
                                 -1.75   data required time
                                 -0.54   data arrival time
-----------------------------------------------------------------------------
                                  2.29   slack (MET)


