
===========================================================================
report_checks -path_delay min (Hold)
============================================================================
Startpoint: _1783_ (rising edge-triggered flip-flop clocked by clk)
Endpoint: _1783_ (rising edge-triggered flip-flop clocked by clk)
Path Group: clk
Path Type: min

Fanout     Cap    Slew   Delay    Time   Description
-----------------------------------------------------------------------------
                          0.00    0.00   clock clk (rise edge)
                          0.00    0.00   clock source latency
                  0.11    0.08    0.08 ^ clk (in)
     1    0.02                           clk (net)
                  0.11    0.00    0.08 ^ clkbuf_0_clk/A (sky130_fd_sc_hd__clkbuf_16)
                  0.03    0.13    0.21 ^ clkbuf_0_clk/X (sky130_fd_sc_hd__clkbuf_16)
     2    0.01                           clknet_0_clk (net)
                  0.03    0.00    0.21 ^ clkbuf_1_0_0_clk/A (sky130_fd_sc_hd__clkbuf_2)
                  0.08    0.12    0.33 ^ clkbuf_1_0_0_clk/X (sky130_fd_sc_hd__clkbuf_2)
     4    0.01                           clknet_1_0_0_clk (net)
                  0.08    0.00    0.33 ^ _1783_/CLK (sky130_fd_sc_hd__dfxtp_1)
                  0.07    0.31    0.64 ^ _1783_/Q (sky130_fd_sc_hd__dfxtp_1)
     2    0.01                           next_state[0] (net)
                  0.07    0.00    0.64 ^ _1669_/B2 (sky130_fd_sc_hd__a32o_1)
                  0.05    0.12    0.76 ^ _1669_/X (sky130_fd_sc_hd__a32o_1)
     1    0.00                           _0060_ (net)
                  0.05    0.00    0.76 ^ _1783_/D (sky130_fd_sc_hd__dfxtp_1)
                                  0.76   data arrival time

                          0.00    0.00   clock clk (rise edge)
                          0.00    0.00   clock source latency
                  0.11    0.08    0.08 ^ clk (in)
     1    0.02                           clk (net)
                  0.11    0.00    0.08 ^ clkbuf_0_clk/A (sky130_fd_sc_hd__clkbuf_16)
                  0.03    0.15    0.23 ^ clkbuf_0_clk/X (sky130_fd_sc_hd__clkbuf_16)
     2    0.01                           clknet_0_clk (net)
                  0.03    0.00    0.23 ^ clkbuf_1_0_0_clk/A (sky130_fd_sc_hd__clkbuf_2)
                  0.08    0.13    0.36 ^ clkbuf_1_0_0_clk/X (sky130_fd_sc_hd__clkbuf_2)
     4    0.01                           clknet_1_0_0_clk (net)
                  0.08    0.00    0.36 ^ _1783_/CLK (sky130_fd_sc_hd__dfxtp_1)
                          0.25    0.61   clock uncertainty
                         -0.03    0.58   clock reconvergence pessimism
                         -0.03    0.55   library hold time
                                  0.55   data required time
-----------------------------------------------------------------------------
                                  0.55   data required time
                                 -0.76   data arrival time
-----------------------------------------------------------------------------
                                  0.21   slack (MET)


Startpoint: _1785_ (rising edge-triggered flip-flop clocked by clk)
Endpoint: _1785_ (rising edge-triggered flip-flop clocked by clk)
Path Group: clk
Path Type: min

Fanout     Cap    Slew   Delay    Time   Description
-----------------------------------------------------------------------------
                          0.00    0.00   clock clk (rise edge)
                          0.00    0.00   clock source latency
                  0.11    0.08    0.08 ^ clk (in)
     1    0.02                           clk (net)
                  0.11    0.00    0.08 ^ clkbuf_0_clk/A (sky130_fd_sc_hd__clkbuf_16)
                  0.03    0.13    0.21 ^ clkbuf_0_clk/X (sky130_fd_sc_hd__clkbuf_16)
     2    0.01                           clknet_0_clk (net)
                  0.03    0.00    0.21 ^ clkbuf_1_1_0_clk/A (sky130_fd_sc_hd__clkbuf_2)
                  0.12    0.15    0.36 ^ clkbuf_1_1_0_clk/X (sky130_fd_sc_hd__clkbuf_2)
     4    0.02                           clknet_1_1_0_clk (net)
                  0.12    0.00    0.36 ^ _1785_/CLK (sky130_fd_sc_hd__dfxtp_1)
                  0.07    0.33    0.69 ^ _1785_/Q (sky130_fd_sc_hd__dfxtp_1)
     2    0.01                           next_state[2] (net)
                  0.07    0.00    0.69 ^ _1674_/A1 (sky130_fd_sc_hd__a22o_1)
                  0.04    0.12    0.81 ^ _1674_/X (sky130_fd_sc_hd__a22o_1)
     1    0.00                           _0062_ (net)
                  0.04    0.00    0.81 ^ _1785_/D (sky130_fd_sc_hd__dfxtp_1)
                                  0.81   data arrival time

                          0.00    0.00   clock clk (rise edge)
                          0.00    0.00   clock source latency
                  0.11    0.08    0.08 ^ clk (in)
     1    0.02                           clk (net)
                  0.11    0.00    0.08 ^ clkbuf_0_clk/A (sky130_fd_sc_hd__clkbuf_16)
                  0.03    0.15    0.23 ^ clkbuf_0_clk/X (sky130_fd_sc_hd__clkbuf_16)
     2    0.01                           clknet_0_clk (net)
                  0.03    0.00    0.23 ^ clkbuf_1_1_0_clk/A (sky130_fd_sc_hd__clkbuf_2)
                  0.12    0.16    0.39 ^ clkbuf_1_1_0_clk/X (sky130_fd_sc_hd__clkbuf_2)
     4    0.02                           clknet_1_1_0_clk (net)
                  0.12    0.00    0.39 ^ _1785_/CLK (sky130_fd_sc_hd__dfxtp_1)
                          0.25    0.64   clock uncertainty
                         -0.04    0.61   clock reconvergence pessimism
                         -0.02    0.59   library hold time
                                  0.59   data required time
-----------------------------------------------------------------------------
                                  0.59   data required time
                                 -0.81   data arrival time
-----------------------------------------------------------------------------
                                  0.22   slack (MET)


Startpoint: _1784_ (rising edge-triggered flip-flop clocked by clk)
Endpoint: _1784_ (rising edge-triggered flip-flop clocked by clk)
Path Group: clk
Path Type: min

Fanout     Cap    Slew   Delay    Time   Description
-----------------------------------------------------------------------------
                          0.00    0.00   clock clk (rise edge)
                          0.00    0.00   clock source latency
                  0.11    0.08    0.08 ^ clk (in)
     1    0.02                           clk (net)
                  0.11    0.00    0.08 ^ clkbuf_0_clk/A (sky130_fd_sc_hd__clkbuf_16)
                  0.03    0.13    0.21 ^ clkbuf_0_clk/X (sky130_fd_sc_hd__clkbuf_16)
     2    0.01                           clknet_0_clk (net)
                  0.03    0.00    0.21 ^ clkbuf_1_0_0_clk/A (sky130_fd_sc_hd__clkbuf_2)
                  0.08    0.12    0.33 ^ clkbuf_1_0_0_clk/X (sky130_fd_sc_hd__clkbuf_2)
     4    0.01                           clknet_1_0_0_clk (net)
                  0.08    0.00    0.33 ^ _1784_/CLK (sky130_fd_sc_hd__dfxtp_1)
                  0.08    0.32    0.65 ^ _1784_/Q (sky130_fd_sc_hd__dfxtp_1)
     2    0.01                           next_state[1] (net)
                  0.08    0.00    0.65 ^ _1671_/A1 (sky130_fd_sc_hd__a22o_1)
                  0.04    0.13    0.78 ^ _1671_/X (sky130_fd_sc_hd__a22o_1)
     1    0.00                           _0061_ (net)
                  0.04    0.00    0.78 ^ _1784_/D (sky130_fd_sc_hd__dfxtp_1)
                                  0.78   data arrival time

                          0.00    0.00   clock clk (rise edge)
                          0.00    0.00   clock source latency
                  0.11    0.08    0.08 ^ clk (in)
     1    0.02                           clk (net)
                  0.11    0.00    0.08 ^ clkbuf_0_clk/A (sky130_fd_sc_hd__clkbuf_16)
                  0.03    0.15    0.23 ^ clkbuf_0_clk/X (sky130_fd_sc_hd__clkbuf_16)
     2    0.01                           clknet_0_clk (net)
                  0.03    0.00    0.23 ^ clkbuf_1_0_0_clk/A (sky130_fd_sc_hd__clkbuf_2)
                  0.08    0.13    0.36 ^ clkbuf_1_0_0_clk/X (sky130_fd_sc_hd__clkbuf_2)
     4    0.01                           clknet_1_0_0_clk (net)
                  0.08    0.00    0.36 ^ _1784_/CLK (sky130_fd_sc_hd__dfxtp_1)
                          0.25    0.61   clock uncertainty
                         -0.03    0.58   clock reconvergence pessimism
                         -0.03    0.55   library hold time
                                  0.55   data required time
-----------------------------------------------------------------------------
                                  0.55   data required time
                                 -0.78   data arrival time
-----------------------------------------------------------------------------
                                  0.23   slack (MET)


Startpoint: _1785_ (rising edge-triggered flip-flop clocked by clk)
Endpoint: _1838_ (rising edge-triggered flip-flop clocked by clk)
Path Group: clk
Path Type: min

Fanout     Cap    Slew   Delay    Time   Description
-----------------------------------------------------------------------------
                          0.00    0.00   clock clk (rise edge)
                          0.00    0.00   clock source latency
                  0.11    0.08    0.08 ^ clk (in)
     1    0.02                           clk (net)
                  0.11    0.00    0.08 ^ clkbuf_0_clk/A (sky130_fd_sc_hd__clkbuf_16)
                  0.03    0.13    0.21 ^ clkbuf_0_clk/X (sky130_fd_sc_hd__clkbuf_16)
     2    0.01                           clknet_0_clk (net)
                  0.03    0.00    0.21 ^ clkbuf_1_1_0_clk/A (sky130_fd_sc_hd__clkbuf_2)
                  0.12    0.15    0.36 ^ clkbuf_1_1_0_clk/X (sky130_fd_sc_hd__clkbuf_2)
     4    0.02                           clknet_1_1_0_clk (net)
                  0.12    0.00    0.36 ^ _1785_/CLK (sky130_fd_sc_hd__dfxtp_1)
                  0.07    0.33    0.69 ^ _1785_/Q (sky130_fd_sc_hd__dfxtp_1)
     2    0.01                           next_state[2] (net)
                  0.07    0.00    0.69 ^ _1713_/A0 (sky130_fd_sc_hd__mux2_1)
                  0.04    0.12    0.81 ^ _1713_/X (sky130_fd_sc_hd__mux2_1)
     1    0.00                           _0131_ (net)
                  0.04    0.00    0.81 ^ _1714_/A (sky130_fd_sc_hd__clkbuf_1)
                  0.04    0.07    0.88 ^ _1714_/X (sky130_fd_sc_hd__clkbuf_1)
     1    0.00                           _0077_ (net)
                  0.04    0.00    0.88 ^ _1838_/D (sky130_fd_sc_hd__dfxtp_1)
                                  0.88   data arrival time

                          0.00    0.00   clock clk (rise edge)
                          0.00    0.00   clock source latency
                  0.11    0.08    0.08 ^ clk (in)
     1    0.02                           clk (net)
                  0.11    0.00    0.08 ^ clkbuf_0_clk/A (sky130_fd_sc_hd__clkbuf_16)
                  0.03    0.15    0.23 ^ clkbuf_0_clk/X (sky130_fd_sc_hd__clkbuf_16)
     2    0.01                           clknet_0_clk (net)
                  0.03    0.00    0.23 ^ clkbuf_1_1_0_clk/A (sky130_fd_sc_hd__clkbuf_2)
                  0.12    0.16    0.39 ^ clkbuf_1_1_0_clk/X (sky130_fd_sc_hd__clkbuf_2)
     4    0.02                           clknet_1_1_0_clk (net)
                  0.12    0.00    0.39 ^ _1838_/CLK (sky130_fd_sc_hd__dfxtp_1)
                          0.25    0.64   clock uncertainty
                         -0.04    0.61   clock reconvergence pessimism
                         -0.02    0.59   library hold time
                                  0.59   data required time
-----------------------------------------------------------------------------
                                  0.59   data required time
                                 -0.88   data arrival time
-----------------------------------------------------------------------------
                                  0.30   slack (MET)


Startpoint: _1783_ (rising edge-triggered flip-flop clocked by clk)
Endpoint: _1836_ (rising edge-triggered flip-flop clocked by clk)
Path Group: clk
Path Type: min

Fanout     Cap    Slew   Delay    Time   Description
-----------------------------------------------------------------------------
                          0.00    0.00   clock clk (rise edge)
                          0.00    0.00   clock source latency
                  0.11    0.08    0.08 ^ clk (in)
     1    0.02                           clk (net)
                  0.11    0.00    0.08 ^ clkbuf_0_clk/A (sky130_fd_sc_hd__clkbuf_16)
                  0.03    0.13    0.21 ^ clkbuf_0_clk/X (sky130_fd_sc_hd__clkbuf_16)
     2    0.01                           clknet_0_clk (net)
                  0.03    0.00    0.21 ^ clkbuf_1_0_0_clk/A (sky130_fd_sc_hd__clkbuf_2)
                  0.08    0.12    0.33 ^ clkbuf_1_0_0_clk/X (sky130_fd_sc_hd__clkbuf_2)
     4    0.01                           clknet_1_0_0_clk (net)
                  0.08    0.00    0.33 ^ _1783_/CLK (sky130_fd_sc_hd__dfxtp_1)
                  0.07    0.31    0.64 ^ _1783_/Q (sky130_fd_sc_hd__dfxtp_1)
     2    0.01                           next_state[0] (net)
                  0.07    0.00    0.64 ^ _1709_/A0 (sky130_fd_sc_hd__mux2_1)
                  0.05    0.12    0.77 ^ _1709_/X (sky130_fd_sc_hd__mux2_1)
     1    0.00                           _0129_ (net)
                  0.05    0.00    0.77 ^ _1710_/A (sky130_fd_sc_hd__clkbuf_1)
                  0.05    0.08    0.85 ^ _1710_/X (sky130_fd_sc_hd__clkbuf_1)
     1    0.00                           _0075_ (net)
                  0.05    0.00    0.85 ^ _1836_/D (sky130_fd_sc_hd__dfxtp_1)
                                  0.85   data arrival time

                          0.00    0.00   clock clk (rise edge)
                          0.00    0.00   clock source latency
                  0.11    0.08    0.08 ^ clk (in)
     1    0.02                           clk (net)
                  0.11    0.00    0.08 ^ clkbuf_0_clk/A (sky130_fd_sc_hd__clkbuf_16)
                  0.03    0.15    0.23 ^ clkbuf_0_clk/X (sky130_fd_sc_hd__clkbuf_16)
     2    0.01                           clknet_0_clk (net)
                  0.03    0.00    0.23 ^ clkbuf_1_0_0_clk/A (sky130_fd_sc_hd__clkbuf_2)
                  0.08    0.13    0.36 ^ clkbuf_1_0_0_clk/X (sky130_fd_sc_hd__clkbuf_2)
     4    0.01                           clknet_1_0_0_clk (net)
                  0.08    0.00    0.36 ^ _1836_/CLK (sky130_fd_sc_hd__dfxtp_1)
                          0.25    0.61   clock uncertainty
                         -0.03    0.58   clock reconvergence pessimism
                         -0.03    0.55   library hold time
                                  0.55   data required time
-----------------------------------------------------------------------------
                                  0.55   data required time
                                 -0.85   data arrival time
-----------------------------------------------------------------------------
                                  0.30   slack (MET)


