
===========================================================================
report_checks -unconstrained
============================================================================
Startpoint: _05_ (rising edge-triggered flip-flop)
Endpoint: seven_segment_digit (output port clocked by clk)
Path Group: clk
Path Type: max

Fanout     Cap    Slew   Delay    Time   Description
-----------------------------------------------------------------------------
                  0.05    0.00    0.00 ^ _05_/CLK (sky130_fd_sc_hd__dfxtp_2)
                  0.20    0.43    0.43 ^ _05_/Q (sky130_fd_sc_hd__dfxtp_2)
     2    0.04                           seven_segment_digit (net)
                  0.20    0.00    0.43 ^ seven_segment_digit (out)
                                  0.43   data arrival time

                  0.15   10.00   10.00   clock clk (rise edge)
                          0.00   10.00   clock network delay (ideal)
                         -0.25    9.75   clock uncertainty
                          0.00    9.75   clock reconvergence pessimism
                         -2.00    7.75   output external delay
                                  7.75   data required time
-----------------------------------------------------------------------------
                                  7.75   data required time
                                 -0.43   data arrival time
-----------------------------------------------------------------------------
                                  7.32   slack (MET)



===========================================================================
report_checks --slack_max -0.01
============================================================================
No paths found.
